com/controller/controller.class
com/conferencing/ui/PlaceholderTextField.class
com/conferencing/ui/TitledPanel.class
com/conferencing/theme/LightTheme.class
com/conferencing/ui/ThemeToggleButton$1.class
com/conferencing/views/LoginPage$1.class
com/controller/UserProfile.class
com/controller/AuthService.class
com/controller/AbstractController.class
com/conferencing/views/RegisterPage$1.class
com/conferencing/views/LoginPage.class
com/conferencing/views/MainPage$1.class
com/conferencing/views/RegisterPage.class
com/conferencing/views/MeetingInterface$ParticipantPanel.class
com/conferencing/service/ControllerService.class
com/conferencing/views/MainPage$3.class
com/conferencing/theme/ThemeManager.class
com/controller/CloudStorageAdapter.class
com/conferencing/theme/Theme.class
com/conferencing/views/MainPage.class
com/controller/MeetingSession.class
com/conferencing/ui/PlaceholderPasswordField.class
com/conferencing/views/MainPage$2.class
com/conferencing/ui/PlaceholderPasswordField$1.class
com/conferencing/theme/DarkTheme.class
com/conferencing/ui/PlaceholderTextField$1.class
com/controller/ClientNode.class
com/controller/MeetingServices.class
com/conferencing/App.class
com/controller/DummyNetworkController.class
com/conferencing/ui/ThemeToggleButton.class
com/conferencing/ui/CustomButton.class
com/conferencing/views/MeetingInterface.class
